../Core/Src/stm32l4xx_it.c:77:6:NMI_Handler	4	static
../Core/Src/stm32l4xx_it.c:92:6:HardFault_Handler	4	static
../Core/Src/stm32l4xx_it.c:107:6:MemManage_Handler	4	static
../Core/Src/stm32l4xx_it.c:122:6:BusFault_Handler	4	static
../Core/Src/stm32l4xx_it.c:137:6:UsageFault_Handler	4	static
../Core/Src/stm32l4xx_it.c:152:6:SVC_Handler	4	static
../Core/Src/stm32l4xx_it.c:165:6:DebugMon_Handler	4	static
../Core/Src/stm32l4xx_it.c:178:6:PendSV_Handler	4	static
../Core/Src/stm32l4xx_it.c:191:6:SysTick_Handler	56	static
../Core/Src/stm32l4xx_it.c:217:6:TIM2_IRQHandler	64	static
../Core/Src/stm32l4xx_it.c:265:6:USART1_IRQHandler	8	static
